[2026-06-20 15:49:28] === INICIO completar_producto.php ===
[2026-06-20 15:49:28] ID recibido: 22
[2026-06-20 15:49:28] Producto encontrado: ID 22, URL: https://www.alibaba.com/product-detail/Roc-Deep-Lip-JDM-EVO-Wheels_1601717958554.html?spm=a2700.product_home_fy25.just_for_you.9.2ce21061hn2JoB&priceId=1e211d5c40b34af29ec2201a911f6316
[2026-06-20 15:49:28] Intento 1 de 3
[2026-06-20 15:49:28] === INICIO completar_producto.php ===
[2026-06-20 15:49:28] ID recibido: 22
[2026-06-20 15:49:28] Producto encontrado: ID 22, URL: https://www.alibaba.com/product-detail/Roc-Deep-Lip-JDM-EVO-Wheels_1601717958554.html?spm=a2700.product_home_fy25.just_for_you.9.2ce21061hn2JoB&priceId=1e211d5c40b34af29ec2201a911f6316
[2026-06-20 15:49:28] Intento 1 de 3
[2026-06-20 15:49:30] Extracción completada en 1.67s
[2026-06-20 15:49:30] Resultado - Imagen: OK, Precio: OK
[2026-06-20 15:49:30] ✅ Producto 22 actualizado exitosamente
[2026-06-20 15:49:30] === FIN completar_producto.php ===

[2026-06-20 15:49:30] Extracción completada en 1.78s
[2026-06-20 15:49:30] Resultado - Imagen: OK, Precio: OK
[2026-06-20 15:49:30] ✅ Producto 22 actualizado exitosamente
[2026-06-20 15:49:30] === FIN completar_producto.php ===

[2026-06-20 15:51:21] === INICIO completar_producto.php ===
[2026-06-20 15:51:21] ID recibido: 23
[2026-06-20 15:51:21] Producto encontrado: ID 23, URL: https://www.alibaba.com/product-detail/200W-1200W-Portable-Solar-Power-Station_1601396499914.html?spm=a2700.product_home_fy25.just_for_you.10.2ce21061hn2JoB&priceId=1e211d5c40b34af29ec2201a911f6316
[2026-06-20 15:51:21] Intento 1 de 3
[2026-06-20 15:51:21] === INICIO completar_producto.php ===
[2026-06-20 15:51:21] ID recibido: 23
[2026-06-20 15:51:21] Producto encontrado: ID 23, URL: https://www.alibaba.com/product-detail/200W-1200W-Portable-Solar-Power-Station_1601396499914.html?spm=a2700.product_home_fy25.just_for_you.10.2ce21061hn2JoB&priceId=1e211d5c40b34af29ec2201a911f6316
[2026-06-20 15:51:21] Intento 1 de 3
[2026-06-20 15:51:24] Extracción completada en 3.04s
[2026-06-20 15:51:24] Resultado - Imagen: OK, Precio: OK
[2026-06-20 15:51:24] ✅ Producto 23 actualizado exitosamente
[2026-06-20 15:51:24] === FIN completar_producto.php ===

[2026-06-20 15:51:24] Extracción completada en 3.09s
[2026-06-20 15:51:24] Resultado - Imagen: OK, Precio: OK
[2026-06-20 15:51:24] ✅ Producto 23 actualizado exitosamente
[2026-06-20 15:51:24] === FIN completar_producto.php ===

[2026-06-20 18:00:04] === INICIO completar_producto.php ===
[2026-06-20 18:00:04] ID recibido: 20
[2026-06-20 18:00:04] Producto encontrado: ID 20, URL: https://www.alibaba.com/product-detail/200W-1200W-Portable-Solar-Power-Station_1601396499914.html?spm=a2700.product_home_fy25.just_for_you.10.2ce21061hn2JoB&priceId=1e211d5c40b34af29ec2201a911f6316
[2026-06-20 18:00:04] Intento 1 de 3
[2026-06-20 18:00:05] Extracción completada en 1.49s
[2026-06-20 18:00:05] Resultado - Imagen: OK, Precio: OK
[2026-06-20 18:00:05] ✅ Producto 20 actualizado exitosamente
[2026-06-20 18:00:05] === FIN completar_producto.php ===

[2026-06-21 15:39:08] === INICIO completar_producto.php ===
[2026-06-21 15:39:08] ID recibido: 21
[2026-06-21 15:39:08] Producto encontrado: ID 21, URL: https://www.alibaba.com/product-detail/Hot-Sale-New-Energy-Vehicles-No_1601651293444.html?spm=a2700.product_home_fy25.just_for_you.3.2ce21061YSp4k1&priceId=0b3bdff67cb34f32857f58c5aba11a33
[2026-06-21 15:39:08] Intento 1 de 3
[2026-06-21 15:39:09] Extracción completada en 1.11s
[2026-06-21 15:39:09] Resultado - Imagen: OK, Precio: OK
[2026-06-21 15:39:09] ✅ Producto 21 actualizado exitosamente
[2026-06-21 15:39:09] === FIN completar_producto.php ===

[2026-06-22 01:36:54] === INICIO completar_producto.php ===
[2026-06-22 01:36:54] ID recibido: 22
[2026-06-22 01:36:54] Producto encontrado: ID 22, URL: https://www.alibaba.com/product-detail/300W-450W-550W-Second-Hand-Solar_1601387634427.html?spm=a2700.product_home_fy25.just_for_you.54.2ce21061rvD3Vl&priceId=f98239ccff934b50b6132e193d20aad9
[2026-06-22 01:36:54] Intento 1 de 3
[2026-06-22 01:36:55] Extracción completada en 1.24s
[2026-06-22 01:36:55] Resultado - Imagen: OK, Precio: OK
[2026-06-22 01:36:55] ✅ Producto 22 actualizado exitosamente
[2026-06-22 01:36:55] === FIN completar_producto.php ===

[2026-06-22 01:43:50] === INICIO completar_producto.php ===
[2026-06-22 01:43:50] ID recibido: 23
[2026-06-22 01:43:50] Producto encontrado: ID 23, URL: https://www.alibaba.com/product-detail/Outdoor-Portable-Power-Station-300W-3000W_1601552916766.html?spm=a2700.product_home_fy25.just_for_you.173.2ce21061rvD3Vl&priceId=ec7d19fac5b94c5589f9e3a5ffdbcd3a
[2026-06-22 01:43:50] Intento 1 de 3
[2026-06-22 01:43:51] Extracción completada en 1.38s
[2026-06-22 01:43:51] Resultado - Imagen: OK, Precio: OK
[2026-06-22 01:43:51] ✅ Producto 23 actualizado exitosamente
[2026-06-22 01:43:51] === FIN completar_producto.php ===

[2026-06-23 01:56:59] === INICIO completar_producto.php ===
[2026-06-23 01:56:59] ID recibido: 24
[2026-06-23 01:56:59] Producto encontrado: ID 24, URL: https://www.alibaba.com/product-detail/Household-Micro-New-Energy-Vehicles-Short_1601728646358.html?spm=a2700.product_home_fy25.just_for_you.15.2ce21061kfqjpE&priceId=ce69ff04bfa748e88590897056273dab
[2026-06-23 01:56:59] Intento 1 de 3
[2026-06-23 01:57:00] Extracción completada en 0.96s
[2026-06-23 01:57:00] Resultado - Imagen: OK, Precio: OK
[2026-06-23 01:57:00] ✅ Producto 24 actualizado exitosamente
[2026-06-23 01:57:00] === FIN completar_producto.php ===

[2026-06-23 14:21:19] === INICIO completar_producto.php ===
[2026-06-23 14:21:19] ID recibido: 26
[2026-06-23 14:21:19] Producto encontrado: ID 26, URL: https://www.alibaba.com/product-detail/Wholesale-Towels-Luxury-Cotton-Bath-Super_60718614065.html?spm=a2700.product_home_fy25.just_for_you.7.6f671061hbp4Dz&priceId=79b546026aab440d9536db47db462db7
[2026-06-23 14:21:19] Intento 1 de 3
[2026-06-23 14:21:22] Extracción completada en 3.2s
[2026-06-23 14:21:22] Resultado - Imagen: OK, Precio: OK
[2026-06-23 14:21:22] ✅ Producto 26 actualizado exitosamente
[2026-06-23 14:21:22] === FIN completar_producto.php ===

[2026-06-23 20:08:32] === INICIO completar_producto.php ===
[2026-06-23 20:08:32] ID recibido: 27
[2026-06-23 20:08:32] Producto encontrado: ID 27, URL: https://www.alibaba.com/product-detail/POPOWER-600W-1000W-Battery-Powered-Solar_1601101361226.html?spm=a2700.product_home_fy25.just_for_you.24.2ce21061VzN9aH&priceId=df9e0e9470e9466abf4ecc1481a203be
[2026-06-23 20:08:32] Intento 1 de 3
[2026-06-23 20:08:32] === INICIO completar_producto.php ===
[2026-06-23 20:08:32] ID recibido: 27
[2026-06-23 20:08:32] Producto encontrado: ID 27, URL: https://www.alibaba.com/product-detail/POPOWER-600W-1000W-Battery-Powered-Solar_1601101361226.html?spm=a2700.product_home_fy25.just_for_you.24.2ce21061VzN9aH&priceId=df9e0e9470e9466abf4ecc1481a203be
[2026-06-23 20:08:32] Intento 1 de 3
[2026-06-23 20:08:34] Extracción completada en 1.91s
[2026-06-23 20:08:34] Resultado - Imagen: OK, Precio: OK
[2026-06-23 20:08:34] ✅ Producto 27 actualizado exitosamente
[2026-06-23 20:08:34] === FIN completar_producto.php ===

[2026-06-23 20:08:34] Extracción completada en 2.62s
[2026-06-23 20:08:34] Resultado - Imagen: OK, Precio: OK
[2026-06-23 20:08:34] ✅ Producto 27 actualizado exitosamente
[2026-06-23 20:08:34] === FIN completar_producto.php ===

[2026-06-23 20:29:22] === INICIO completar_producto.php ===
[2026-06-23 20:29:22] ID recibido: 28
[2026-06-23 20:29:22] Producto encontrado: ID 28, URL: https://sale.alibaba.com/p/dlg3sslnu/index.html?spm=a2700.product_home_fy25.klf.1_1&wx_navbar_transparent=true&path=/p/dlg3sslnu/index.html&disableScrollTopWhenClick&isNewHomePage=true&topOfferIds=10000041081270&topOfferId=10000041081270&categoryId=100007305&waterfallTopOfferIds=10000041081270
[2026-06-23 20:29:22] Intento 1 de 3
[2026-06-23 20:29:22] === INICIO completar_producto.php ===
[2026-06-23 20:29:22] ID recibido: 28
[2026-06-23 20:29:22] Producto encontrado: ID 28, URL: https://sale.alibaba.com/p/dlg3sslnu/index.html?spm=a2700.product_home_fy25.klf.1_1&wx_navbar_transparent=true&path=/p/dlg3sslnu/index.html&disableScrollTopWhenClick&isNewHomePage=true&topOfferIds=10000041081270&topOfferId=10000041081270&categoryId=100007305&waterfallTopOfferIds=10000041081270
[2026-06-23 20:29:22] Intento 1 de 3
[2026-06-23 20:29:23] Extracción completada en 0.8s
[2026-06-23 20:29:23] Resultado - Imagen: OK, Precio: OK
[2026-06-23 20:29:23] ✅ Producto 28 actualizado exitosamente
[2026-06-23 20:29:23] === FIN completar_producto.php ===

[2026-06-23 20:29:23] Extracción completada en 0.9s
[2026-06-23 20:29:23] Resultado - Imagen: OK, Precio: OK
[2026-06-23 20:29:23] ✅ Producto 28 actualizado exitosamente
[2026-06-23 20:29:23] === FIN completar_producto.php ===

[2026-06-23 20:31:07] === INICIO completar_producto.php ===
[2026-06-23 20:31:07] ID recibido: 29
[2026-06-23 20:31:07] === INICIO completar_producto.php ===
[2026-06-23 20:31:07] ID recibido: 29
[2026-06-23 20:31:07] Producto encontrado: ID 29, URL: https://www.alibaba.com/product-detail/Multifunction-Forage-Crusher-Machine-for-Wet_10000041081270.html?spm=a27aq.30226274.4314857580.2.94514621QnisY0
[2026-06-23 20:31:07] Intento 1 de 3
[2026-06-23 20:31:07] Producto encontrado: ID 29, URL: https://www.alibaba.com/product-detail/Multifunction-Forage-Crusher-Machine-for-Wet_10000041081270.html?spm=a27aq.30226274.4314857580.2.94514621QnisY0
[2026-06-23 20:31:07] Intento 1 de 3
[2026-06-23 20:31:08] Extracción completada en 1.32s
[2026-06-23 20:31:08] Resultado - Imagen: OK, Precio: OK
[2026-06-23 20:31:08] ✅ Producto 29 actualizado exitosamente
[2026-06-23 20:31:08] === FIN completar_producto.php ===

[2026-06-23 20:31:08] Extracción completada en 1.36s
[2026-06-23 20:31:08] Resultado - Imagen: OK, Precio: OK
[2026-06-23 20:31:08] ✅ Producto 29 actualizado exitosamente
[2026-06-23 20:31:08] === FIN completar_producto.php ===

